RAM Allocation [bytes]
Variable                                                                          Address   Size
------------------------------------------------------------------------------------------------
scan                                                                              0x028D       4
Buf                                                                               0x0291      16
shown                                                                             0x02A1       2
showHistoryState                                                                  0x02A3       2
arrkey                                                                            0x02A5      16
_base_y                                                                           0x02B5       4
_lcd_x                                                                            0x02B9       1
_lcd_y                                                                            0x02BA       1
_lcd_maxx                                                                         0x02BB       1

EEPROM Allocation [bytes]
Variable                                                                          Address   Size
------------------------------------------------------------------------------------------------

Register Allocation
Variable                                                                          Register  Size
------------------------------------------------------------------------------------------------
pressedKey                                                                        R5           1
operand                                                                           R4           1
num1                                                                              R6,R7        2
num2                                                                              R8,R9        2
result                                                                            R10,R11      2
state                                                                             R12,R13      2

FLASH Allocation [words]
Function                                                                          Address   Size
------------------------------------------------------------------------------------------------
keypad                                                                            0x0009C     55
my_int                                                                            0x000D3    306
main                                                                              0x00205     29
_lcd_write_nibble_G100                                                            0x00222     20
_lcd_write_data                                                                   0x00236     12
lcd_gotoxy                                                                        0x00242     17
lcd_clear                                                                         0x00253     14
lcd_putchar                                                                       0x00261     32
lcd_puts                                                                          0x00281     17
lcd_init                                                                          0x00292     46
put_buff_G101                                                                     0x002C0     64
_print_G101                                                                       0x00300    308
sprintf                                                                           0x00434     52
strlen                                                                            0x00468     12
strlenf                                                                           0x00474     13
