RAM Allocation [bytes]
Variable                                                                          Address   Size
------------------------------------------------------------------------------------------------
scan                                                                              0x0298       4
Buf                                                                               0x029C      16
shown                                                                             0x02AC       2
showHistoryState                                                                  0x02AE       2
arrkey                                                                            0x02B0      16
_base_y                                                                           0x02C0       4
_lcd_x                                                                            0x02C4       1
_lcd_y                                                                            0x02C5       1
_lcd_maxx                                                                         0x02C6       1

EEPROM Allocation [bytes]
Variable                                                                          Address   Size
------------------------------------------------------------------------------------------------

Register Allocation
Variable                                                                          Register  Size
------------------------------------------------------------------------------------------------
pressedKey                                                                        R5           1
operand                                                                           R4           1
num1                                                                              R6,R7        2
num2                                                                              R8,R9        2
result                                                                            R10,R11      2
state                                                                             R12,R13      2

FLASH Allocation [words]
Function                                                                          Address   Size
------------------------------------------------------------------------------------------------
keypad                                                                            0x000A1     55
my_int                                                                            0x000D8    403
main                                                                              0x0026B     24
_lcd_write_nibble_G100                                                            0x00283     20
_lcd_write_data                                                                   0x00297     12
lcd_gotoxy                                                                        0x002A3     17
lcd_clear                                                                         0x002B4     14
lcd_putchar                                                                       0x002C2     32
lcd_puts                                                                          0x002E2     17
lcd_init                                                                          0x002F3     46
put_buff_G101                                                                     0x00321     64
_print_G101                                                                       0x00361    308
sprintf                                                                           0x00495     52
strlen                                                                            0x004C9     12
strlenf                                                                           0x004D5     13
